===============================================================================
Logger System v2.0 - Session Started: 2026-02-21 12:00:00
Application: Docker Compose Updater
Script Version: 2.0.0
Log Level: INFO
Verbose Mode: false
===============================================================================

[SUCCESS] - Logger System v2.0 initialized successfully
[Feb/21/2026 — 12:00 PM] [INFO] - Docker Services Backup Started
[Feb/21/2026 — 12:00 PM] [INFO] - Timestamp: 2026-02-21 12:00:00
[Feb/21/2026 — 12:00 PM] [FOCUS] - Starting Docker services backup
[Feb/21/2026 — 12:00 PM] [INFO] - Backup target: Docker-Compose-Backup-20260221-120000.tar.gz
[Feb/21/2026 — 12:00 PM] [STATUS] - Creating temporary backup directory
[Feb/21/2026 — 12:00 PM] [STATUS] - Performing comprehensive rsync backup
[Feb/21/2026 — 12:02 PM] [WARNING] - Initial rsync failed with exit code: 24
[Feb/21/2026 — 12:02 PM] [INFO] - Attempting backup with elevated permissions
[Feb/21/2026 — 12:03 PM] [SUCCESS] - Rsync backup completed successfully with elevated permissions
[Feb/21/2026 — 12:03 PM] [STATUS] - Creating compressed archive
[Feb/21/2026 — 12:22 PM] [SUCCESS] - Archive created successfully
[Feb/21/2026 — 12:24 PM] [SUCCESS] - Archive integrity verified
[Feb/21/2026 — 12:24 PM] [STATUS] - Cleaning up temporary files
[Feb/21/2026 — 12:24 PM] [STATUS] - Cleaning up old backups
[Feb/21/2026 — 12:24 PM] [INFO] - No old backups to remove
[Feb/21/2026 — 12:24 PM] [SUCCESS] - Docker backup completed successfully
[Feb/21/2026 — 12:24 PM] [INFO] - Final archive size: 23G
[Feb/21/2026 — 12:24 PM] [INFO] - Location: /mnt/Storage/Backups/Docker/Backups//Docker-Compose-Backup-20260221-120000.tar.gz
[Feb/21/2026 — 12:24 PM] [CONFIRMATION] - Backup operation completed in 1489 seconds
[INFO] - Logger session ended (Duration: 1489s)

--- Session Ended: 2026-02-21 12:24:49 (Duration: 1489s) ---

